// Jest Snapshot v1, https://goo.gl/fbAQLP

exports[`HomePage should match snapshot 1`] = `
<div
  className="welcome"
>
  <h1>
    Welcome
  </h1>
  <h4>
    Click through the links above to learn about the Star Wars universe!
  </h4>
</div>
`;
